// Jest Snapshot v1, https://goo.gl/fbAQLP

exports[`should render ExpenseListItem 1`] = `
<Link
  className="list-item"
  to="/edit/3"
>
  <div>
    <h3
      className="list-item__title"
    >
      Rent
    </h3>
    <span
      className="list-item__subtitle"
    >
      December 27th 1969
    </span>
  </div>
  <h3
    className="list-item__content"
  >
    $1,095.00
  </h3>
</Link>
`;
