// Jest Snapshot v1, https://goo.gl/fbAQLP

exports[`should render Header correctly 1`] = `
<div>
  <h1>
    Exspensify
  </h1>
  <NavLink
    activeClassName="is-active"
    to="/dashboard"
  >
    Dashboard
  </NavLink>
  <NavLink
    activeClassName="is-active"
    to="/create"
  >
    Add Expense
  </NavLink>
  <NavLink
    activeClassName="is-active"
    to="/help"
  >
    Help
  </NavLink>
  <button
    onClick={[Function]}
  >
    Logout
  </button>
</div>
`;
